3 9 39	test/wc.1.in
1 2 12	test/wc.2.in
4 11 51	total
